Archive member included to satisfy reference by file (symbol)

c:/siliconlabs/simplicitystudio/v4/developer/toolchains/gnu_arm/7.2_2017q4/bin/../lib/gcc/arm-none-eabi/7.2.1/thumb/v7-m\libgcc.a(_aeabi_ldivmod.o)
                              ./emlib/em_usart.o (__aeabi_ldivmod)
c:/siliconlabs/simplicitystudio/v4/developer/toolchains/gnu_arm/7.2_2017q4/bin/../lib/gcc/arm-none-eabi/7.2.1/thumb/v7-m\libgcc.a(_aeabi_uldivmod.o)
                              ./emlib/em_usart.o (__aeabi_uldivmod)
c:/siliconlabs/simplicitystudio/v4/developer/toolchains/gnu_arm/7.2_2017q4/bin/../lib/gcc/arm-none-eabi/7.2.1/thumb/v7-m\libgcc.a(_udivmoddi4.o)
                              c:/siliconlabs/simplicitystudio/v4/developer/toolchains/gnu_arm/7.2_2017q4/bin/../lib/gcc/arm-none-eabi/7.2.1/thumb/v7-m\libgcc.a(_aeabi_ldivmod.o) (__udivmoddi4)
c:/siliconlabs/simplicitystudio/v4/developer/toolchains/gnu_arm/7.2_2017q4/bin/../lib/gcc/arm-none-eabi/7.2.1/thumb/v7-m\libgcc.a(_dvmd_tls.o)
                              c:/siliconlabs/simplicitystudio/v4/developer/toolchains/gnu_arm/7.2_2017q4/bin/../lib/gcc/arm-none-eabi/7.2.1/thumb/v7-m\libgcc.a(_aeabi_ldivmod.o) (__aeabi_ldiv0)
c:/siliconlabs/simplicitystudio/v4/developer/toolchains/gnu_arm/7.2_2017q4/bin/../lib/gcc/arm-none-eabi/7.2.1/../../../../arm-none-eabi/lib/thumb/v7-m\libc_nano.a(lib_a-exit.o)
                              c:/siliconlabs/simplicitystudio/v4/developer/toolchains/gnu_arm/7.2_2017q4/bin/../lib/gcc/arm-none-eabi/7.2.1/../../../../arm-none-eabi/lib/thumb/v7-m/crt0.o (exit)
c:/siliconlabs/simplicitystudio/v4/developer/toolchains/gnu_arm/7.2_2017q4/bin/../lib/gcc/arm-none-eabi/7.2.1/../../../../arm-none-eabi/lib/thumb/v7-m\libc_nano.a(lib_a-impure.o)
                              c:/siliconlabs/simplicitystudio/v4/developer/toolchains/gnu_arm/7.2_2017q4/bin/../lib/gcc/arm-none-eabi/7.2.1/../../../../arm-none-eabi/lib/thumb/v7-m\libc_nano.a(lib_a-exit.o) (_global_impure_ptr)
c:/siliconlabs/simplicitystudio/v4/developer/toolchains/gnu_arm/7.2_2017q4/bin/../lib/gcc/arm-none-eabi/7.2.1/../../../../arm-none-eabi/lib/thumb/v7-m\libc_nano.a(lib_a-init.o)
                              c:/siliconlabs/simplicitystudio/v4/developer/toolchains/gnu_arm/7.2_2017q4/bin/../lib/gcc/arm-none-eabi/7.2.1/../../../../arm-none-eabi/lib/thumb/v7-m/crt0.o (__libc_init_array)
c:/siliconlabs/simplicitystudio/v4/developer/toolchains/gnu_arm/7.2_2017q4/bin/../lib/gcc/arm-none-eabi/7.2.1/../../../../arm-none-eabi/lib/thumb/v7-m\libc_nano.a(lib_a-memcpy-stub.o)
                              ./BSP/bsp_stk.o (memcpy)
c:/siliconlabs/simplicitystudio/v4/developer/toolchains/gnu_arm/7.2_2017q4/bin/../lib/gcc/arm-none-eabi/7.2.1/../../../../arm-none-eabi/lib/thumb/v7-m\libc_nano.a(lib_a-memset.o)
                              c:/siliconlabs/simplicitystudio/v4/developer/toolchains/gnu_arm/7.2_2017q4/bin/../lib/gcc/arm-none-eabi/7.2.1/../../../../arm-none-eabi/lib/thumb/v7-m/crt0.o (memset)
c:/siliconlabs/simplicitystudio/v4/developer/toolchains/gnu_arm/7.2_2017q4/bin/../lib/gcc/arm-none-eabi/7.2.1/../../../../arm-none-eabi/lib/thumb/v7-m\libnosys.a(_exit.o)
                              c:/siliconlabs/simplicitystudio/v4/developer/toolchains/gnu_arm/7.2_2017q4/bin/../lib/gcc/arm-none-eabi/7.2.1/../../../../arm-none-eabi/lib/thumb/v7-m\libc_nano.a(lib_a-exit.o) (_exit)

Allocating common symbols
Common symbol       size              file

msTicks             0x4               ./src/blink.o

Discarded input sections

 .text          0x00000000        0x0 c:/siliconlabs/simplicitystudio/v4/developer/toolchains/gnu_arm/7.2_2017q4/bin/../lib/gcc/arm-none-eabi/7.2.1/thumb/v7-m/crti.o
 .data          0x00000000        0x0 c:/siliconlabs/simplicitystudio/v4/developer/toolchains/gnu_arm/7.2_2017q4/bin/../lib/gcc/arm-none-eabi/7.2.1/thumb/v7-m/crti.o
 .bss           0x00000000        0x0 c:/siliconlabs/simplicitystudio/v4/developer/toolchains/gnu_arm/7.2_2017q4/bin/../lib/gcc/arm-none-eabi/7.2.1/thumb/v7-m/crti.o
 .data          0x00000000        0x4 c:/siliconlabs/simplicitystudio/v4/developer/toolchains/gnu_arm/7.2_2017q4/bin/../lib/gcc/arm-none-eabi/7.2.1/thumb/v7-m/crtbegin.o
 .data          0x00000000        0x0 c:/siliconlabs/simplicitystudio/v4/developer/toolchains/gnu_arm/7.2_2017q4/bin/../lib/gcc/arm-none-eabi/7.2.1/../../../../arm-none-eabi/lib/thumb/v7-m/crt0.o
 .bss           0x00000000        0x0 c:/siliconlabs/simplicitystudio/v4/developer/toolchains/gnu_arm/7.2_2017q4/bin/../lib/gcc/arm-none-eabi/7.2.1/../../../../arm-none-eabi/lib/thumb/v7-m/crt0.o
 .ARM.extab     0x00000000        0x0 c:/siliconlabs/simplicitystudio/v4/developer/toolchains/gnu_arm/7.2_2017q4/bin/../lib/gcc/arm-none-eabi/7.2.1/../../../../arm-none-eabi/lib/thumb/v7-m/crt0.o
 .group         0x00000000        0xc ./BSP/bsp_bcc.o
 .group         0x00000000        0xc ./BSP/bsp_bcc.o
 .group         0x00000000        0xc ./BSP/bsp_bcc.o
 .group         0x00000000        0xc ./BSP/bsp_bcc.o
[...]
Memory Configuration

Name             Origin             Length             Attributes
FLASH            0x00000000         0x00040000         xr
RAM              0x20000000         0x00008000         xrw
*default*        0x00000000         0xffffffff

Linker script and memory map

LOAD c:/siliconlabs/simplicitystudio/v4/developer/toolchains/gnu_arm/7.2_2017q4/bin/../lib/gcc/arm-none-eabi/7.2.1/thumb/v7-m/crti.o
LOAD c:/siliconlabs/simplicitystudio/v4/developer/toolchains/gnu_arm/7.2_2017q4/bin/../lib/gcc/arm-none-eabi/7.2.1/thumb/v7-m/crtbegin.o
LOAD c:/siliconlabs/simplicitystudio/v4/developer/toolchains/gnu_arm/7.2_2017q4/bin/../lib/gcc/arm-none-eabi/7.2.1/../../../../arm-none-eabi/lib/thumb/v7-m/crt0.o
LOAD ./BSP/bsp_bcc.o
LOAD ./BSP/bsp_stk.o
LOAD ./BSP/bsp_stk_leds.o
LOAD ./BSP/bsp_trace.o
LOAD ./CMSIS/EFM32LG/startup_efm32lg.o
LOAD ./CMSIS/EFM32LG/system_efm32lg.o
LOAD ./emlib/em_assert.o
LOAD ./emlib/em_cmu.o
LOAD ./emlib/em_core.o
LOAD ./emlib/em_ebi.o
LOAD ./emlib/em_emu.o
LOAD ./emlib/em_gpio.o
LOAD ./emlib/em_system.o
LOAD ./emlib/em_usart.o
LOAD ./src/blink.o
START GROUP
LOAD c:/siliconlabs/simplicitystudio/v4/developer/toolchains/gnu_arm/7.2_2017q4/bin/../lib/gcc/arm-none-eabi/7.2.1/thumb/v7-m\libgcc.a
LOAD c:/siliconlabs/simplicitystudio/v4/developer/toolchains/gnu_arm/7.2_2017q4/bin/../lib/gcc/arm-none-eabi/7.2.1/../../../../arm-none-eabi/lib/thumb/v7-m\libc_nano.a
LOAD c:/siliconlabs/simplicitystudio/v4/developer/toolchains/gnu_arm/7.2_2017q4/bin/../lib/gcc/arm-none-eabi/7.2.1/../../../../arm-none-eabi/lib/thumb/v7-m\libnosys.a
END GROUP
START GROUP
LOAD c:/siliconlabs/simplicitystudio/v4/developer/toolchains/gnu_arm/7.2_2017q4/bin/../lib/gcc/arm-none-eabi/7.2.1/thumb/v7-m\libgcc.a
LOAD c:/siliconlabs/simplicitystudio/v4/developer/toolchains/gnu_arm/7.2_2017q4/bin/../lib/gcc/arm-none-eabi/7.2.1/../../../../arm-none-eabi/lib/thumb/v7-m\libg_nano.a
LOAD c:/siliconlabs/simplicitystudio/v4/developer/toolchains/gnu_arm/7.2_2017q4/bin/../lib/gcc/arm-none-eabi/7.2.1/../../../../arm-none-eabi/lib/thumb/v7-m\libc_nano.a
END GROUP
START GROUP
LOAD c:/siliconlabs/simplicitystudio/v4/developer/toolchains/gnu_arm/7.2_2017q4/bin/../lib/gcc/arm-none-eabi/7.2.1/thumb/v7-m\libgcc.a
LOAD c:/siliconlabs/simplicitystudio/v4/developer/toolchains/gnu_arm/7.2_2017q4/bin/../lib/gcc/arm-none-eabi/7.2.1/../../../../arm-none-eabi/lib/thumb/v7-m\libc_nano.a
END GROUP
LOAD c:/siliconlabs/simplicitystudio/v4/developer/toolchains/gnu_arm/7.2_2017q4/bin/../lib/gcc/arm-none-eabi/7.2.1/thumb/v7-m/crtend.o
LOAD c:/siliconlabs/simplicitystudio/v4/developer/toolchains/gnu_arm/7.2_2017q4/bin/../lib/gcc/arm-none-eabi/7.2.1/thumb/v7-m/crtn.o

.text           0x00000000      0xedc
 *(.vectors)
 .vectors       0x00000000       0xe0 ./CMSIS/EFM32LG/startup_efm32lg.o
                0x00000000                __Vectors
                0x000000e0                __Vectors_End = .
                0x000000e0                __Vectors_Size = (__Vectors_End - __Vectors)
                0x000000e0                __end__ = .
 *(.text*)
 .text          0x000000e0       0x40 c:/siliconlabs/simplicitystudio/v4/developer/toolchains/gnu_arm/7.2_2017q4/bin/../lib/gcc/arm-none-eabi/7.2.1/thumb/v7-m/crtbegin.o
 .text          0x00000120       0x74 c:/siliconlabs/simplicitystudio/v4/developer/toolchains/gnu_arm/7.2_2017q4/bin/../lib/gcc/arm-none-eabi/7.2.1/../../../../arm-none-eabi/lib/thumb/v7-m/crt0.o
                0x00000120                _start
                0x00000120                _mainCRTStartup
 .text.BSP_LedToggle
                0x00000194       0x5c ./BSP/bsp_stk_leds.o
                0x00000194                BSP_LedToggle
 .text.BSP_TraceProfilerSetup
                0x000001f0       0xd4 ./BSP/bsp_trace.o
                0x000001f0                BSP_TraceProfilerSetup
 .text          0x000002c4       0x30 ./CMSIS/EFM32LG/startup_efm32lg.o
                0x000002c4                Reset_Handler
                0x000002f0                DebugMon_Handler
                0x000002f0                USART0_TX_IRQHandler
                0x000002f0                I2C0_IRQHandler
                0x000002f0                HardFault_Handler
                0x000002f0                LEUART1_IRQHandler
                0x000002f0                USART1_RX_IRQHandler
                0x000002f0                PendSV_Handler
                0x000002f0                NMI_Handler
                0x000002f0                I2C1_IRQHandler
                0x000002f0                TIMER3_IRQHandler
                0x000002f0                USART1_TX_IRQHandler
                0x000002f0                MSC_IRQHandler
                0x000002f0                ADC0_IRQHandler
                0x000002f0                UsageFault_Handler
                0x000002f0                LEUART0_IRQHandler
                0x000002f0                GPIO_EVEN_IRQHandler
                0x000002f0                UART0_TX_IRQHandler
                0x000002f0                UART1_TX_IRQHandler
                0x000002f0                RTC_IRQHandler
                0x000002f0                TIMER0_IRQHandler
                0x000002f0                TIMER2_IRQHandler
                0x000002f0                LCD_IRQHandler
                0x000002f0                PCNT2_IRQHandler
                0x000002f0                UART0_RX_IRQHandler
                0x000002f0                LETIMER0_IRQHandler
                0x000002f0                TIMER1_IRQHandler
                0x000002f0                USART2_RX_IRQHandler
                0x000002f0                Default_Handler
                0x000002f0                EMU_IRQHandler
                0x000002f0                PCNT0_IRQHandler
                0x000002f0                USB_IRQHandler
                0x000002f0                BURTC_IRQHandler
                0x000002f0                PCNT1_IRQHandler
                0x000002f0                ACMP0_IRQHandler
                0x000002f0                USART0_RX_IRQHandler
                0x000002f0                MemManage_Handler
                0x000002f0                SVC_Handler
                0x000002f0                DAC0_IRQHandler
                0x000002f0                UART1_RX_IRQHandler
                0x000002f0                CMU_IRQHandler
                0x000002f0                EBI_IRQHandler
                0x000002f0                LESENSE_IRQHandler
                0x000002f0                GPIO_ODD_IRQHandler
                0x000002f0                AES_IRQHandler
                0x000002f0                VCMP_IRQHandler
                0x000002f0                DMA_IRQHandler
                0x000002f0                BusFault_Handler
                0x000002f0                USART2_TX_IRQHandler
 .text.SystemHFClockGet
                0x000002f4       0xcc ./CMSIS/EFM32LG/system_efm32lg.o
                0x000002f4                SystemHFClockGet
 .text.SystemCoreClockGet
                0x000003c0       0x20 ./CMSIS/EFM32LG/system_efm32lg.o
                0x000003c0                SystemCoreClockGet
 .text.SystemInit
                0x000003e0       0x10 ./CMSIS/EFM32LG/system_efm32lg.o
                0x000003e0                SystemInit
 .text.SystemLFRCOClockGet
                0x000003f0        0x8 ./CMSIS/EFM32LG/system_efm32lg.o
                0x000003f0                SystemLFRCOClockGet
 .text.SystemULFRCOClockGet
                0x000003f8        0x8 ./CMSIS/EFM32LG/system_efm32lg.o
                0x000003f8                SystemULFRCOClockGet
 .text.SystemLFXOClockGet
                0x00000400        0xc ./CMSIS/EFM32LG/system_efm32lg.o
                0x00000400                SystemLFXOClockGet
 .text.assertEFM
                0x0000040c        0x4 ./emlib/em_assert.o
                0x0000040c                assertEFM
 .text.maxFreqHfle
                0x00000410       0x64 ./emlib/em_cmu.o
 .text.setHfLeConfig
                0x00000474       0x40 ./emlib/em_cmu.o
 .text.auxClkGet
                0x000004b4       0x9c ./emlib/em_cmu.o
 .text.CMU_ClockSelectGet
                0x00000550       0xd8 ./emlib/em_cmu.o
                0x00000550                CMU_ClockSelectGet
 .text.lfClkGet
                0x00000628       0xd8 ./emlib/em_cmu.o
 .text.CMU_ClockFreqGet
                0x00000700      0x19c ./emlib/em_cmu.o
                0x00000700                CMU_ClockFreqGet
 .text.CMU_ClockEnable
                0x0000089c       0xd4 ./emlib/em_cmu.o
                0x0000089c                CMU_ClockEnable
 .text.GPIO_PinModeSet
                0x00000970      0x188 ./emlib/em_gpio.o
                0x00000970                GPIO_PinModeSet
 .text.SYSTEM_ChipRevisionGet
                0x00000af8       0x48 ./emlib/em_system.o
                0x00000af8                SYSTEM_ChipRevisionGet
 .text.SysTick_Handler
                0x00000b40       0x10 ./src/blink.o
                0x00000b40                SysTick_Handler
 .text.initGPIO
                0x00000b50       0x8c ./src/blink.o
                0x00000b50                initGPIO
 .text.startup.main
                0x00000bdc       0xb8 ./src/blink.o
                0x00000bdc                main
 .text.exit     0x00000c94       0x28 c:/siliconlabs/simplicitystudio/v4/developer/toolchains/gnu_arm/7.2_2017q4/bin/../lib/gcc/arm-none-eabi/7.2.1/../../../../arm-none-eabi/lib/thumb/v7-m\libc_nano.a(lib_a-exit.o)
                0x00000c94                exit
 .text.__libc_init_array
                0x00000cbc       0x48 c:/siliconlabs/simplicitystudio/v4/developer/toolchains/gnu_arm/7.2_2017q4/bin/../lib/gcc/arm-none-eabi/7.2.1/../../../../arm-none-eabi/lib/thumb/v7-m\libc_nano.a(lib_a-init.o)
                0x00000cbc                __libc_init_array
 .text.memset   0x00000d04       0x10 c:/siliconlabs/simplicitystudio/v4/developer/toolchains/gnu_arm/7.2_2017q4/bin/../lib/gcc/arm-none-eabi/7.2.1/../../../../arm-none-eabi/lib/thumb/v7-m\libc_nano.a(lib_a-memset.o)
                0x00000d04                memset
 .text._exit    0x00000d14        0x4 c:/siliconlabs/simplicitystudio/v4/developer/toolchains/gnu_arm/7.2_2017q4/bin/../lib/gcc/arm-none-eabi/7.2.1/../../../../arm-none-eabi/lib/thumb/v7-m\libnosys.a(_exit.o)
                0x00000d14                _exit
 *(.init)
 .init          0x00000d18        0x4 c:/siliconlabs/simplicitystudio/v4/developer/toolchains/gnu_arm/7.2_2017q4/bin/../lib/gcc/arm-none-eabi/7.2.1/thumb/v7-m/crti.o
                0x00000d18                _init
 .init          0x00000d1c        0x8 c:/siliconlabs/simplicitystudio/v4/developer/toolchains/gnu_arm/7.2_2017q4/bin/../lib/gcc/arm-none-eabi/7.2.1/thumb/v7-m/crtn.o
 *(.fini)
 .fini          0x00000d24        0x4 c:/siliconlabs/simplicitystudio/v4/developer/toolchains/gnu_arm/7.2_2017q4/bin/../lib/gcc/arm-none-eabi/7.2.1/thumb/v7-m/crti.o
                0x00000d24                _fini
 .fini          0x00000d28        0x8 c:/siliconlabs/simplicitystudio/v4/developer/toolchains/gnu_arm/7.2_2017q4/bin/../lib/gcc/arm-none-eabi/7.2.1/thumb/v7-m/crtn.o
 *crtbegin.o(.ctors)
 *crtbegin?.o(.ctors)
 *(EXCLUDE_FILE(*crtend.o *crtend?.o) .ctors)
 *(SORT_BY_NAME(.ctors.*))
 *(.ctors)
 *crtbegin.o(.dtors)
 *crtbegin?.o(.dtors)
 *(EXCLUDE_FILE(*crtend.o *crtend?.o) .dtors)
 *(SORT_BY_NAME(.dtors.*))
 *(.dtors)
 *(.rodata*)
 .rodata.BSP_LedsSet.str1.4
                0x00000d30       0x64 ./BSP/bsp_stk_leds.o
 .rodata.ledArray
                0x00000d94       0x10 ./BSP/bsp_stk_leds.o
 .rodata.maxFreqHfle.str1.4
                0x00000da4       0x63 ./emlib/em_cmu.o
 *fill*         0x00000e07        0x1 
 .rodata.GPIO_DbgLocationSet.str1.4
                0x00000e08       0x64 ./emlib/em_gpio.o
 .rodata.GPIO_PinModeSet.str1.4
                0x00000e6c       0x64 ./emlib/em_gpio.o
 .rodata.SYSTEM_ChipRevisionGet.str1.4
                0x00000e6c       0x68 ./emlib/em_system.o
                                 0x66 (size before relaxing)
 .rodata._global_impure_ptr
                0x00000ed4        0x4 c:/siliconlabs/simplicitystudio/v4/developer/toolchains/gnu_arm/7.2_2017q4/bin/../lib/gcc/arm-none-eabi/7.2.1/../../../../arm-none-eabi/lib/thumb/v7-m\libc_nano.a(lib_a-impure.o)
                0x00000ed4                _global_impure_ptr
 *(.eh_frame*)
 .eh_frame      0x00000ed8        0x0 c:/siliconlabs/simplicitystudio/v4/developer/toolchains/gnu_arm/7.2_2017q4/bin/../lib/gcc/arm-none-eabi/7.2.1/thumb/v7-m/crtbegin.o
 .eh_frame      0x00000ed8        0x4 c:/siliconlabs/simplicitystudio/v4/developer/toolchains/gnu_arm/7.2_2017q4/bin/../lib/gcc/arm-none-eabi/7.2.1/thumb/v7-m/crtend.o

.glue_7         0x00000edc        0x0
 .glue_7        0x00000edc        0x0 linker stubs

.glue_7t        0x00000edc        0x0
 .glue_7t       0x00000edc        0x0 linker stubs

.vfp11_veneer   0x00000edc        0x0
 .vfp11_veneer  0x00000edc        0x0 linker stubs

.v4_bx          0x00000edc        0x0
 .v4_bx         0x00000edc        0x0 linker stubs

.iplt           0x00000edc        0x0
 .iplt          0x00000edc        0x0 c:/siliconlabs/simplicitystudio/v4/developer/toolchains/gnu_arm/7.2_2017q4/bin/../lib/gcc/arm-none-eabi/7.2.1/thumb/v7-m/crtbegin.o

.ARM.extab
 *(.ARM.extab* .gnu.linkonce.armextab.*)
                0x00000edc                __exidx_start = .

.ARM.exidx      0x00000edc        0x8
 *(.ARM.exidx* .gnu.linkonce.armexidx.*)
 .ARM.exidx     0x00000edc        0x8 c:/siliconlabs/simplicitystudio/v4/developer/toolchains/gnu_arm/7.2_2017q4/bin/../lib/gcc/arm-none-eabi/7.2.1/../../../../arm-none-eabi/lib/thumb/v7-m/crt0.o
                0x00000ee4                __exidx_end = .
                0x00000ee4                __etext = .

.rel.dyn        0x00000ee4        0x0
 .rel.iplt      0x00000ee4        0x0 c:/siliconlabs/simplicitystudio/v4/developer/toolchains/gnu_arm/7.2_2017q4/bin/../lib/gcc/arm-none-eabi/7.2.1/thumb/v7-m/crtbegin.o

.data           0x20000000       0x74 load address 0x00000ee4
                0x20000000                __data_start__ = .
 *(vtable)
 *(.data*)
 .data.SystemCoreClock
                0x20000000        0x4 ./CMSIS/EFM32LG/system_efm32lg.o
                0x20000000                SystemCoreClock
 .data.SystemHFXOClock
                0x20000004        0x4 ./CMSIS/EFM32LG/system_efm32lg.o
 .data.SystemLFXOClock
                0x20000008        0x4 ./CMSIS/EFM32LG/system_efm32lg.o
 .data.impure_data
                0x2000000c       0x60 c:/siliconlabs/simplicitystudio/v4/developer/toolchains/gnu_arm/7.2_2017q4/bin/../lib/gcc/arm-none-eabi/7.2.1/../../../../arm-none-eabi/lib/thumb/v7-m\libc_nano.a(lib_a-impure.o)
                0x2000006c                . = ALIGN (0x4)
 *(.ram)
                0x2000006c                . = ALIGN (0x4)
                0x2000006c                PROVIDE (__preinit_array_start, .)
 *(.preinit_array)
                0x2000006c                PROVIDE (__preinit_array_end, .)
                0x2000006c                . = ALIGN (0x4)
                0x2000006c                PROVIDE (__init_array_start, .)
 *(SORT_BY_NAME(.init_array.*))
 *(.init_array)
 .init_array    0x2000006c        0x4 c:/siliconlabs/simplicitystudio/v4/developer/toolchains/gnu_arm/7.2_2017q4/bin/../lib/gcc/arm-none-eabi/7.2.1/thumb/v7-m/crtbegin.o
                0x20000070                PROVIDE (__init_array_end, .)
                0x20000070                . = ALIGN (0x4)
                [!provide]                PROVIDE (__fini_array_start, .)
 *(SORT_BY_NAME(.fini_array.*))
 *(.fini_array)
 .fini_array    0x20000070        0x4 c:/siliconlabs/simplicitystudio/v4/developer/toolchains/gnu_arm/7.2_2017q4/bin/../lib/gcc/arm-none-eabi/7.2.1/thumb/v7-m/crtbegin.o
                [!provide]                PROVIDE (__fini_array_end, .)
 *(.jcr*)
                0x20000074                . = ALIGN (0x4)
                0x20000074                __data_end__ = .

.igot.plt       0x20000074        0x0 load address 0x00000f58
 .igot.plt      0x20000074        0x0 c:/siliconlabs/simplicitystudio/v4/developer/toolchains/gnu_arm/7.2_2017q4/bin/../lib/gcc/arm-none-eabi/7.2.1/thumb/v7-m/crtbegin.o

.bss            0x20000074       0x20 load address 0x00000f58
                0x20000074                . = ALIGN (0x4)
                0x20000074                __bss_start__ = .
 *(.bss*)
 .bss           0x20000074       0x1c c:/siliconlabs/simplicitystudio/v4/developer/toolchains/gnu_arm/7.2_2017q4/bin/../lib/gcc/arm-none-eabi/7.2.1/thumb/v7-m/crtbegin.o
 *(COMMON)
 COMMON         0x20000090        0x4 ./src/blink.o
                0x20000090                msTicks
                0x20000094                . = ALIGN (0x4)
                0x20000094                __bss_end__ = .

.heap           0x20000098      0xc00
                0x20000098                __HeapBase = .
                0x20000098                __end__ = .
                0x20000098                end = __end__
                0x20000098                _end = __end__
 *(.heap*)
 .heap          0x20000098      0xc00 ./CMSIS/EFM32LG/startup_efm32lg.o
                0x20000c98                __HeapLimit = .

.stack_dummy    0x20000098      0x400
 *(.stack*)
 .stack         0x20000098      0x400 ./CMSIS/EFM32LG/startup_efm32lg.o
                0x20008000                __StackTop = (ORIGIN (RAM) + LENGTH (RAM))
                0x20007c00                __StackLimit = (__StackTop - SIZEOF (.stack_dummy))
                0x20008000                PROVIDE (__stack, __StackTop)
                0x00000001                ASSERT ((__StackLimit >= __HeapLimit), region RAM overflowed with stack)
                0x00000001                ASSERT ((LENGTH (FLASH) >= (__etext + SIZEOF (.data))), FLASH memory overflowed !)
OUTPUT(STK3600_blink.axf elf32-littlearm)

.ARM.attributes
                0x00000000       0x29
 .ARM.attributes
                0x00000000       0x1d c:/siliconlabs/simplicitystudio/v4/developer/toolchains/gnu_arm/7.2_2017q4/bin/../lib/gcc/arm-none-eabi/7.2.1/thumb/v7-m/crti.o
 .ARM.attributes
                0x0000001d       0x2d c:/siliconlabs/simplicitystudio/v4/developer/toolchains/gnu_arm/7.2_2017q4/bin/../lib/gcc/arm-none-eabi/7.2.1/thumb/v7-m/crtbegin.o
 .ARM.attributes
                0x0000004a       0x1b c:/siliconlabs/simplicitystudio/v4/developer/toolchains/gnu_arm/7.2_2017q4/bin/../lib/gcc/arm-none-eabi/7.2.1/../../../../arm-none-eabi/lib/thumb/v7-m/crt0.o
 .ARM.attributes
                0x00000065       0x33 ./BSP/bsp_stk_leds.o
 .ARM.attributes
                0x00000098       0x33 ./BSP/bsp_trace.o
 .ARM.attributes
                0x000000cb       0x1b ./CMSIS/EFM32LG/startup_efm32lg.o
 .ARM.attributes
                0x000000e6       0x33 ./CMSIS/EFM32LG/system_efm32lg.o
 .ARM.attributes
                0x00000119       0x33 ./emlib/em_assert.o
 .ARM.attributes
                0x0000014c       0x33 ./emlib/em_cmu.o
 .ARM.attributes
                0x0000017f       0x33 ./emlib/em_gpio.o
 .ARM.attributes
                0x000001b2       0x33 ./emlib/em_system.o
 .ARM.attributes
                0x000001e5       0x33 ./src/blink.o
 .ARM.attributes
                0x00000218       0x2d c:/siliconlabs/simplicitystudio/v4/developer/toolchains/gnu_arm/7.2_2017q4/bin/../lib/gcc/arm-none-eabi/7.2.1/../../../../arm-none-eabi/lib/thumb/v7-m\libc_nano.a(lib_a-exit.o)
 .ARM.attributes
                0x00000245       0x2d c:/siliconlabs/simplicitystudio/v4/developer/toolchains/gnu_arm/7.2_2017q4/bin/../lib/gcc/arm-none-eabi/7.2.1/../../../../arm-none-eabi/lib/thumb/v7-m\libc_nano.a(lib_a-impure.o)
 .ARM.attributes
                0x00000272       0x2d c:/siliconlabs/simplicitystudio/v4/developer/toolchains/gnu_arm/7.2_2017q4/bin/../lib/gcc/arm-none-eabi/7.2.1/../../../../arm-none-eabi/lib/thumb/v7-m\libc_nano.a(lib_a-init.o)
 .ARM.attributes
                0x0000029f       0x2d c:/siliconlabs/simplicitystudio/v4/developer/toolchains/gnu_arm/7.2_2017q4/bin/../lib/gcc/arm-none-eabi/7.2.1/../../../../arm-none-eabi/lib/thumb/v7-m\libc_nano.a(lib_a-memset.o)
 .ARM.attributes
                0x000002cc       0x2d c:/siliconlabs/simplicitystudio/v4/developer/toolchains/gnu_arm/7.2_2017q4/bin/../lib/gcc/arm-none-eabi/7.2.1/../../../../arm-none-eabi/lib/thumb/v7-m\libnosys.a(_exit.o)
 .ARM.attributes
                0x000002f9       0x2d c:/siliconlabs/simplicitystudio/v4/developer/toolchains/gnu_arm/7.2_2017q4/bin/../lib/gcc/arm-none-eabi/7.2.1/thumb/v7-m/crtend.o
 .ARM.attributes
                0x00000326       0x1d c:/siliconlabs/simplicitystudio/v4/developer/toolchains/gnu_arm/7.2_2017q4/bin/../lib/gcc/arm-none-eabi/7.2.1/thumb/v7-m/crtn.o

.comment        0x00000000       0x7e
 .comment       0x00000000       0x7e ./BSP/bsp_stk_leds.o
                                 0x7f (size before relaxing)
 .comment       0x0000007e       0x7f ./BSP/bsp_trace.o
 .comment       0x0000007e       0x7f ./CMSIS/EFM32LG/system_efm32lg.o
 .comment       0x0000007e       0x7f ./emlib/em_assert.o
 .comment       0x0000007e       0x7f ./emlib/em_cmu.o
 .comment       0x0000007e       0x7f ./emlib/em_gpio.o
 .comment       0x0000007e       0x7f ./emlib/em_system.o
 .comment       0x0000007e       0x7f ./src/blink.o

.debug_info     0x00000000     0x6518
 .debug_info    0x00000000      0xa21 ./BSP/bsp_stk_leds.o
 .debug_info    0x00000a21      0xcdc ./BSP/bsp_trace.o
 .debug_info    0x000016fd       0x26 ./CMSIS/EFM32LG/startup_efm32lg.o
 .debug_info    0x00001723      0x7d3 ./CMSIS/EFM32LG/system_efm32lg.o
 .debug_info    0x00001ef6       0x7b ./emlib/em_assert.o
 .debug_info    0x00001f71     0x28aa ./emlib/em_cmu.o
 .debug_info    0x0000481b      0x9a3 ./emlib/em_gpio.o
 .debug_info    0x000051be      0x2aa ./emlib/em_system.o
 .debug_info    0x00005468     0x10b0 ./src/blink.o

.debug_abbrev   0x00000000     0x1232
 .debug_abbrev  0x00000000      0x285 ./BSP/bsp_stk_leds.o
 .debug_abbrev  0x00000285      0x1cc ./BSP/bsp_trace.o
 .debug_abbrev  0x00000451       0x14 ./CMSIS/EFM32LG/startup_efm32lg.o
 .debug_abbrev  0x00000465      0x222 ./CMSIS/EFM32LG/system_efm32lg.o
 .debug_abbrev  0x00000687       0x68 ./emlib/em_assert.o
 .debug_abbrev  0x000006ef      0x453 ./emlib/em_cmu.o
 .debug_abbrev  0x00000b42      0x27e ./emlib/em_gpio.o
 .debug_abbrev  0x00000dc0      0x155 ./emlib/em_system.o
 .debug_abbrev  0x00000f15      0x31d ./src/blink.o

.debug_loc      0x00000000     0x42fe
 .debug_loc     0x00000000      0x653 ./BSP/bsp_stk_leds.o
 .debug_loc     0x00000653       0xa6 ./BSP/bsp_trace.o
 .debug_loc     0x000006f9       0xec ./CMSIS/EFM32LG/system_efm32lg.o
 .debug_loc     0x000007e5     0x3015 ./emlib/em_cmu.o
 .debug_loc     0x000037fa      0x8bf ./emlib/em_gpio.o
 .debug_loc     0x000040b9      0x105 ./emlib/em_system.o
 .debug_loc     0x000041be      0x140 ./src/blink.o

.debug_aranges  0x00000000      0x2e0
 .debug_aranges
                0x00000000       0x50 ./BSP/bsp_stk_leds.o
 .debug_aranges
                0x00000050       0x28 ./BSP/bsp_trace.o
 .debug_aranges
                0x00000078       0x20 ./CMSIS/EFM32LG/startup_efm32lg.o
 .debug_aranges
                0x00000098       0x68 ./CMSIS/EFM32LG/system_efm32lg.o
 .debug_aranges
                0x00000100       0x20 ./emlib/em_assert.o
 .debug_aranges
                0x00000120      0x118 ./emlib/em_cmu.o
 .debug_aranges
                0x00000238       0x48 ./emlib/em_gpio.o
 .debug_aranges
                0x00000280       0x28 ./emlib/em_system.o
 .debug_aranges
                0x000002a8       0x38 ./src/blink.o

.debug_ranges   0x00000000      0x940
 .debug_ranges  0x00000000      0x120 ./BSP/bsp_stk_leds.o
 .debug_ranges  0x00000120       0x18 ./BSP/bsp_trace.o
 .debug_ranges  0x00000138       0x88 ./CMSIS/EFM32LG/system_efm32lg.o
 .debug_ranges  0x000001c0       0x10 ./emlib/em_assert.o
 .debug_ranges  0x000001d0      0x520 ./emlib/em_cmu.o
 .debug_ranges  0x000006f0      0x158 ./emlib/em_gpio.o
 .debug_ranges  0x00000848       0x18 ./emlib/em_system.o
 .debug_ranges  0x00000860       0xe0 ./src/blink.o

.debug_macro    0x00000000     0x1ebe
 .debug_macro   0x00000000      0x2ee ./BSP/bsp_stk_leds.o
 .debug_macro   0x000002ee       0x4f ./BSP/bsp_stk_leds.o
 .debug_macro   0x0000033d       0x51 ./BSP/bsp_stk_leds.o
 .debug_macro   0x0000038e       0xc3 ./BSP/bsp_stk_leds.o
 .debug_macro   0x00000451      0x2f5 ./BSP/bsp_trace.o
 .debug_macro   0x00000746       0xc5 ./BSP/bsp_trace.o
 .debug_macro   0x0000080b       0x16 ./BSP/bsp_trace.o
 .debug_macro   0x00000821      0x28e ./CMSIS/EFM32LG/system_efm32lg.o
 .debug_macro   0x00000aaf       0x23 ./emlib/em_assert.o
 .debug_macro   0x00000ad2      0x363 ./emlib/em_cmu.o
 .debug_macro   0x00000e35       0x58 ./emlib/em_cmu.o
 .debug_macro   0x00000e8d      0x34d ./emlib/em_cmu.o
 .debug_macro   0x000011da       0x25 ./emlib/em_cmu.o
 .debug_macro   0x000011ff       0xee ./emlib/em_cmu.o
 .debug_macro   0x000012ed       0x69 ./emlib/em_cmu.o
 .debug_macro   0x00001356       0x1f ./emlib/em_cmu.o
 .debug_macro   0x00001375      0x2a7 ./emlib/em_gpio.o
 .debug_macro   0x0000161c      0x295 ./emlib/em_system.o
 .debug_macro   0x000018b1      0x308 ./src/blink.o
 .debug_macro   0x00001bb9      0x305 ./src/blink.o

.debug_line     0x00000000     0x4ff6
 .debug_line    0x00000000      0xa56 ./BSP/bsp_stk_leds.o
 .debug_line    0x00000a56      0x942 ./BSP/bsp_trace.o
 .debug_line    0x00001398       0xd3 ./CMSIS/EFM32LG/startup_efm32lg.o
 .debug_line    0x0000146b      0x8bd ./CMSIS/EFM32LG/system_efm32lg.o
 .debug_line    0x00001d28      0x17b ./emlib/em_assert.o
 .debug_line    0x00001ea3     0x1503 ./emlib/em_cmu.o
 .debug_line    0x000033a6      0xa15 ./emlib/em_gpio.o
 .debug_line    0x00003dbb      0x85f ./emlib/em_system.o
 .debug_line    0x0000461a      0x9dc ./src/blink.o

.debug_str      0x00000000    0xd7baa
 .debug_str     0x00000000    0xd43cd ./BSP/bsp_stk_leds.o
                              0xd49fc (size before relaxing)
 .debug_str     0x000d43cd      0x401 ./BSP/bsp_trace.o
                              0xd4ab8 (size before relaxing)
 .debug_str     0x000d47ce       0x97 ./CMSIS/EFM32LG/startup_efm32lg.o
                                 0xf4 (size before relaxing)
 .debug_str     0x000d4865      0x2d6 ./CMSIS/EFM32LG/system_efm32lg.o
                              0xd2b62 (size before relaxing)
 .debug_str     0x000d4b3b       0x6b ./emlib/em_assert.o
                               0x2dd2 (size before relaxing)
 .debug_str     0x000d4ba6     0x299b ./emlib/em_cmu.o
                              0xd68b5 (size before relaxing)
 .debug_str     0x000d7541      0x242 ./emlib/em_gpio.o
                              0xd33ac (size before relaxing)
 .debug_str     0x000d7783       0xfd ./emlib/em_system.o
                              0xd2c41 (size before relaxing)
 .debug_str     0x000d7880      0x32a ./src/blink.o
                              0xd4faf (size before relaxing)

.debug_frame    0x00000000      0x824
 .debug_frame   0x00000000      0x120 ./BSP/bsp_stk_leds.o
 .debug_frame   0x00000120       0x3c ./BSP/bsp_trace.o
 .debug_frame   0x0000015c       0xc8 ./CMSIS/EFM32LG/system_efm32lg.o
 .debug_frame   0x00000224       0x20 ./emlib/em_assert.o
 .debug_frame   0x00000244      0x3f4 ./emlib/em_cmu.o
 .debug_frame   0x00000638       0xbc ./emlib/em_gpio.o
 .debug_frame   0x000006f4       0x38 ./emlib/em_system.o
 .debug_frame   0x0000072c       0x64 ./src/blink.o
 .debug_frame   0x00000790       0x28 c:/siliconlabs/simplicitystudio/v4/developer/toolchains/gnu_arm/7.2_2017q4/bin/../lib/gcc/arm-none-eabi/7.2.1/../../../../arm-none-eabi/lib/thumb/v7-m\libc_nano.a(lib_a-exit.o)
 .debug_frame   0x000007b8       0x2c c:/siliconlabs/simplicitystudio/v4/developer/toolchains/gnu_arm/7.2_2017q4/bin/../lib/gcc/arm-none-eabi/7.2.1/../../../../arm-none-eabi/lib/thumb/v7-m\libc_nano.a(lib_a-init.o)
 .debug_frame   0x000007e4       0x20 c:/siliconlabs/simplicitystudio/v4/developer/toolchains/gnu_arm/7.2_2017q4/bin/../lib/gcc/arm-none-eabi/7.2.1/../../../../arm-none-eabi/lib/thumb/v7-m\libc_nano.a(lib_a-memset.o)
 .debug_frame   0x00000804       0x20 c:/siliconlabs/simplicitystudio/v4/developer/toolchains/gnu_arm/7.2_2017q4/bin/../lib/gcc/arm-none-eabi/7.2.1/../../../../arm-none-eabi/lib/thumb/v7-m\libnosys.a(_exit.o)
